src/pages/demo/DemoLoginPage.tsx(2,29): error TS2792: Cannot find module 'react-router-dom'. Did you mean to set the 'moduleResolution' option to 'nodenext', or to add aliases to the 'paths' option?
src/pages/demo/DemoLoginPage.tsx(3,24): error TS2792: Cannot find module '@/components/ui/button'. Did you mean to set the 'moduleResolution' option to 'nodenext', or to add aliases to the 'paths' option?
src/pages/demo/DemoLoginPage.tsx(9,8): error TS2792: Cannot find module 'lucide-react'. Did you mean to set the 'moduleResolution' option to 'nodenext', or to add aliases to the 'paths' option?
src/pages/demo/DemoLoginPage.tsx(10,41): error TS2792: Cannot find module 'framer-motion'. Did you mean to set the 'moduleResolution' option to 'nodenext', or to add aliases to the 'paths' option?
src/pages/demo/DemoLoginPage.tsx(11,23): error TS2792: Cannot find module 'sonner'. Did you mean to set the 'moduleResolution' option to 'nodenext', or to add aliases to the 'paths' option?
src/pages/demo/DemoLoginPage.tsx(12,31): error TS2792: Cannot find module '@/components/AnimatedBrand'. Did you mean to set the 'moduleResolution' option to 'nodenext', or to add aliases to the 'paths' option?
src/pages/demo/DemoLoginPage.tsx(35,5): error TS2339: Property 'div' does not exist on type 'JSX.IntrinsicElements'.
src/pages/demo/DemoLoginPage.tsx(37,7): error TS2339: Property 'div' does not exist on type 'JSX.IntrinsicElements'.
src/pages/demo/DemoLoginPage.tsx(38,9): error TS2339: Property 'div' does not exist on type 'JSX.IntrinsicElements'.
src/pages/demo/DemoLoginPage.tsx(39,9): error TS2339: Property 'div' does not exist on type 'JSX.IntrinsicElements'.
src/pages/demo/DemoLoginPage.tsx(40,9): error TS2339: Property 'div' does not exist on type 'JSX.IntrinsicElements'.
src/pages/demo/DemoLoginPage.tsx(41,7): error TS2339: Property 'div' does not exist on type 'JSX.IntrinsicElements'.
src/pages/demo/DemoLoginPage.tsx(44,7): error TS2339: Property 'nav' does not exist on type 'JSX.IntrinsicElements'.
src/pages/demo/DemoLoginPage.tsx(45,9): error TS2339: Property 'div' does not exist on type 'JSX.IntrinsicElements'.
src/pages/demo/DemoLoginPage.tsx(46,11): error TS2339: Property 'div' does not exist on type 'JSX.IntrinsicElements'.
src/pages/demo/DemoLoginPage.tsx(48,11): error TS2339: Property 'div' does not exist on type 'JSX.IntrinsicElements'.
src/pages/demo/DemoLoginPage.tsx(50,9): error TS2339: Property 'div' does not exist on type 'JSX.IntrinsicElements'.
src/pages/demo/DemoLoginPage.tsx(55,11): error TS2339: Property 'div' does not exist on type 'JSX.IntrinsicElements'.
src/pages/demo/DemoLoginPage.tsx(59,7): error TS2339: Property 'nav' does not exist on type 'JSX.IntrinsicElements'.
src/pages/demo/DemoLoginPage.tsx(61,7): error TS2339: Property 'main' does not exist on type 'JSX.IntrinsicElements'.
src/pages/demo/DemoLoginPage.tsx(63,9): error TS2339: Property 'section' does not exist on type 'JSX.IntrinsicElements'.
src/pages/demo/DemoLoginPage.tsx(70,13): error TS2339: Property 'span' does not exist on type 'JSX.IntrinsicElements'.
src/pages/demo/DemoLoginPage.tsx(72,13): error TS2339: Property 'span' does not exist on type 'JSX.IntrinsicElements'.
src/pages/demo/DemoLoginPage.tsx(76,11): error TS2339: Property 'h1' does not exist on type 'JSX.IntrinsicElements'.
src/pages/demo/DemoLoginPage.tsx(77,34): error TS2339: Property 'br' does not exist on type 'JSX.IntrinsicElements'.
src/pages/demo/DemoLoginPage.tsx(78,13): error TS2339: Property 'span' does not exist on type 'JSX.IntrinsicElements'.
src/pages/demo/DemoLoginPage.tsx(85,13): error TS2339: Property 'span' does not exist on type 'JSX.IntrinsicElements'.
src/pages/demo/DemoLoginPage.tsx(86,11): error TS2339: Property 'h1' does not exist on type 'JSX.IntrinsicElements'.
src/pages/demo/DemoLoginPage.tsx(88,11): error TS2339: Property 'p' does not exist on type 'JSX.IntrinsicElements'.
src/pages/demo/DemoLoginPage.tsx(90,83): error TS2339: Property 'span' does not exist on type 'JSX.IntrinsicElements'.
src/pages/demo/DemoLoginPage.tsx(90,197): error TS2339: Property 'span' does not exist on type 'JSX.IntrinsicElements'.
src/pages/demo/DemoLoginPage.tsx(91,11): error TS2339: Property 'p' does not exist on type 'JSX.IntrinsicElements'.
src/pages/demo/DemoLoginPage.tsx(93,11): error TS2339: Property 'div' does not exist on type 'JSX.IntrinsicElements'.
src/pages/demo/DemoLoginPage.tsx(108,11): error TS2339: Property 'div' does not exist on type 'JSX.IntrinsicElements'.
src/pages/demo/DemoLoginPage.tsx(109,9): error TS2339: Property 'section' does not exist on type 'JSX.IntrinsicElements'.
src/pages/demo/DemoLoginPage.tsx(112,9): error TS2339: Property 'section' does not exist on type 'JSX.IntrinsicElements'.
src/pages/demo/DemoLoginPage.tsx(113,11): error TS2339: Property 'div' does not exist on type 'JSX.IntrinsicElements'.
src/pages/demo/DemoLoginPage.tsx(114,11): error TS2339: Property 'div' does not exist on type 'JSX.IntrinsicElements'.
src/pages/demo/DemoLoginPage.tsx(127,17): error TS2339: Property 'div' does not exist on type 'JSX.IntrinsicElements'.
src/pages/demo/DemoLoginPage.tsx(129,17): error TS2339: Property 'div' does not exist on type 'JSX.IntrinsicElements'.
src/pages/demo/DemoLoginPage.tsx(130,17): error TS2339: Property 'h3' does not exist on type 'JSX.IntrinsicElements'.
src/pages/demo/DemoLoginPage.tsx(130,99): error TS2339: Property 'h3' does not exist on type 'JSX.IntrinsicElements'.
src/pages/demo/DemoLoginPage.tsx(131,17): error TS2339: Property 'p' does not exist on type 'JSX.IntrinsicElements'.
src/pages/demo/DemoLoginPage.tsx(131,108): error TS2339: Property 'p' does not exist on type 'JSX.IntrinsicElements'.
src/pages/demo/DemoLoginPage.tsx(134,11): error TS2339: Property 'div' does not exist on type 'JSX.IntrinsicElements'.
src/pages/demo/DemoLoginPage.tsx(135,9): error TS2339: Property 'section' does not exist on type 'JSX.IntrinsicElements'.
src/pages/demo/DemoLoginPage.tsx(138,9): error TS2339: Property 'section' does not exist on type 'JSX.IntrinsicElements'.
src/pages/demo/DemoLoginPage.tsx(139,11): error TS2339: Property 'div' does not exist on type 'JSX.IntrinsicElements'.
src/pages/demo/DemoLoginPage.tsx(140,13): error TS2339: Property 'h2' does not exist on type 'JSX.IntrinsicElements'.
src/pages/demo/DemoLoginPage.tsx(141,29): error TS2339: Property 'br' does not exist on type 'JSX.IntrinsicElements'.
src/pages/demo/DemoLoginPage.tsx(142,15): error TS2339: Property 'span' does not exist on type 'JSX.IntrinsicElements'.
src/pages/demo/DemoLoginPage.tsx(142,107): error TS2339: Property 'span' does not exist on type 'JSX.IntrinsicElements'.
src/pages/demo/DemoLoginPage.tsx(143,13): error TS2339: Property 'h2' does not exist on type 'JSX.IntrinsicElements'.
src/pages/demo/DemoLoginPage.tsx(144,13): error TS2339: Property 'div' does not exist on type 'JSX.IntrinsicElements'.
src/pages/demo/DemoLoginPage.tsx(158,19): error TS2339: Property 'div' does not exist on type 'JSX.IntrinsicElements'.
src/pages/demo/DemoLoginPage.tsx(160,19): error TS2339: Property 'div' does not exist on type 'JSX.IntrinsicElements'.
src/pages/demo/DemoLoginPage.tsx(161,19): error TS2339: Property 'div' does not exist on type 'JSX.IntrinsicElements'.
src/pages/demo/DemoLoginPage.tsx(162,21): error TS2339: Property 'h4' does not exist on type 'JSX.IntrinsicElements'.
src/pages/demo/DemoLoginPage.tsx(162,115): error TS2339: Property 'h4' does not exist on type 'JSX.IntrinsicElements'.
src/pages/demo/DemoLoginPage.tsx(163,21): error TS2339: Property 'p' does not exist on type 'JSX.IntrinsicElements'.
src/pages/demo/DemoLoginPage.tsx(163,92): error TS2339: Property 'p' does not exist on type 'JSX.IntrinsicElements'.
src/pages/demo/DemoLoginPage.tsx(164,19): error TS2339: Property 'div' does not exist on type 'JSX.IntrinsicElements'.
src/pages/demo/DemoLoginPage.tsx(167,13): error TS2339: Property 'div' does not exist on type 'JSX.IntrinsicElements'.
src/pages/demo/DemoLoginPage.tsx(168,11): error TS2339: Property 'div' does not exist on type 'JSX.IntrinsicElements'.
src/pages/demo/DemoLoginPage.tsx(171,11): error TS2339: Property 'div' does not exist on type 'JSX.IntrinsicElements'.
src/pages/demo/DemoLoginPage.tsx(172,13): error TS2339: Property 'div' does not exist on type 'JSX.IntrinsicElements'.
src/pages/demo/DemoLoginPage.tsx(177,15): error TS2339: Property 'div' does not exist on type 'JSX.IntrinsicElements'.
src/pages/demo/DemoLoginPage.tsx(178,17): error TS2339: Property 'div' does not exist on type 'JSX.IntrinsicElements'.
src/pages/demo/DemoLoginPage.tsx(179,19): error TS2339: Property 'div' does not exist on type 'JSX.IntrinsicElements'.
src/pages/demo/DemoLoginPage.tsx(180,21): error TS2339: Property 'div' does not exist on type 'JSX.IntrinsicElements'.
src/pages/demo/DemoLoginPage.tsx(182,21): error TS2339: Property 'div' does not exist on type 'JSX.IntrinsicElements'.
src/pages/demo/DemoLoginPage.tsx(183,21): error TS2339: Property 'div' does not exist on type 'JSX.IntrinsicElements'.
src/pages/demo/DemoLoginPage.tsx(184,23): error TS2339: Property 'h5' does not exist on type 'JSX.IntrinsicElements'.
src/pages/demo/DemoLoginPage.tsx(184,98): error TS2339: Property 'h5' does not exist on type 'JSX.IntrinsicElements'.
src/pages/demo/DemoLoginPage.tsx(185,23): error TS2339: Property 'span' does not exist on type 'JSX.IntrinsicElements'.
src/pages/demo/DemoLoginPage.tsx(185,134): error TS2339: Property 'span' does not exist on type 'JSX.IntrinsicElements'.
src/pages/demo/DemoLoginPage.tsx(186,21): error TS2339: Property 'div' does not exist on type 'JSX.IntrinsicElements'.
src/pages/demo/DemoLoginPage.tsx(187,19): error TS2339: Property 'div' does not exist on type 'JSX.IntrinsicElements'.
src/pages/demo/DemoLoginPage.tsx(189,17): error TS2339: Property 'div' does not exist on type 'JSX.IntrinsicElements'.
src/pages/demo/DemoLoginPage.tsx(191,17): error TS2339: Property 'div' does not exist on type 'JSX.IntrinsicElements'.
src/pages/demo/DemoLoginPage.tsx(193,19): error TS2339: Property 'div' does not exist on type 'JSX.IntrinsicElements'.
src/pages/demo/DemoLoginPage.tsx(194,22): error TS2339: Property 'p' does not exist on type 'JSX.IntrinsicElements'.
src/pages/demo/DemoLoginPage.tsx(194,119): error TS2339: Property 'p' does not exist on type 'JSX.IntrinsicElements'.
src/pages/demo/DemoLoginPage.tsx(195,22): error TS2339: Property 'div' does not exist on type 'JSX.IntrinsicElements'.
src/pages/demo/DemoLoginPage.tsx(196,25): error TS2339: Property 'div' does not exist on type 'JSX.IntrinsicElements'.
src/pages/demo/DemoLoginPage.tsx(197,27): error TS2339: Property 'p' does not exist on type 'JSX.IntrinsicElements'.
src/pages/demo/DemoLoginPage.tsx(199,27): error TS2339: Property 'p' does not exist on type 'JSX.IntrinsicElements'.
src/pages/demo/DemoLoginPage.tsx(200,25): error TS2339: Property 'div' does not exist on type 'JSX.IntrinsicElements'.
src/pages/demo/DemoLoginPage.tsx(201,25): error TS2339: Property 'div' does not exist on type 'JSX.IntrinsicElements'.
src/pages/demo/DemoLoginPage.tsx(202,27): error TS2339: Property 'span' does not exist on type 'JSX.IntrinsicElements'.
src/pages/demo/DemoLoginPage.tsx(202,98): error TS2339: Property 'span' does not exist on type 'JSX.IntrinsicElements'.
src/pages/demo/DemoLoginPage.tsx(203,27): error TS2339: Property 'div' does not exist on type 'JSX.IntrinsicElements'.
src/pages/demo/DemoLoginPage.tsx(206,27): error TS2339: Property 'div' does not exist on type 'JSX.IntrinsicElements'.
src/pages/demo/DemoLoginPage.tsx(207,25): error TS2339: Property 'div' does not exist on type 'JSX.IntrinsicElements'.
src/pages/demo/DemoLoginPage.tsx(208,22): error TS2339: Property 'div' does not exist on type 'JSX.IntrinsicElements'.
src/pages/demo/DemoLoginPage.tsx(209,19): error TS2339: Property 'div' does not exist on type 'JSX.IntrinsicElements'.
src/pages/demo/DemoLoginPage.tsx(212,19): error TS2339: Property 'div' does not exist on type 'JSX.IntrinsicElements'.
src/pages/demo/DemoLoginPage.tsx(213,21): error TS2339: Property 'div' does not exist on type 'JSX.IntrinsicElements'.
src/pages/demo/DemoLoginPage.tsx(215,26): error TS2339: Property 'div' does not exist on type 'JSX.IntrinsicElements'.
src/pages/demo/DemoLoginPage.tsx(217,21): error TS2339: Property 'div' does not exist on type 'JSX.IntrinsicElements'.
src/pages/demo/DemoLoginPage.tsx(218,21): error TS2339: Property 'p' does not exist on type 'JSX.IntrinsicElements'.
src/pages/demo/DemoLoginPage.tsx(218,124): error TS2339: Property 'p' does not exist on type 'JSX.IntrinsicElements'.
src/pages/demo/DemoLoginPage.tsx(219,19): error TS2339: Property 'div' does not exist on type 'JSX.IntrinsicElements'.
src/pages/demo/DemoLoginPage.tsx(220,17): error TS2339: Property 'div' does not exist on type 'JSX.IntrinsicElements'.
src/pages/demo/DemoLoginPage.tsx(221,15): error TS2339: Property 'div' does not exist on type 'JSX.IntrinsicElements'.
src/pages/demo/DemoLoginPage.tsx(223,11): error TS2339: Property 'div' does not exist on type 'JSX.IntrinsicElements'.
src/pages/demo/DemoLoginPage.tsx(224,9): error TS2339: Property 'section' does not exist on type 'JSX.IntrinsicElements'.
src/pages/demo/DemoLoginPage.tsx(227,9): error TS2339: Property 'section' does not exist on type 'JSX.IntrinsicElements'.
src/pages/demo/DemoLoginPage.tsx(228,11): error TS2339: Property 'div' does not exist on type 'JSX.IntrinsicElements'.
src/pages/demo/DemoLoginPage.tsx(234,13): error TS2339: Property 'h2' does not exist on type 'JSX.IntrinsicElements'.
src/pages/demo/DemoLoginPage.tsx(235,30): error TS2339: Property 'br' does not exist on type 'JSX.IntrinsicElements'.
src/pages/demo/DemoLoginPage.tsx(236,16): error TS2339: Property 'span' does not exist on type 'JSX.IntrinsicElements'.
src/pages/demo/DemoLoginPage.tsx(236,127): error TS2339: Property 'span' does not exist on type 'JSX.IntrinsicElements'.
src/pages/demo/DemoLoginPage.tsx(237,13): error TS2339: Property 'h2' does not exist on type 'JSX.IntrinsicElements'.
src/pages/demo/DemoLoginPage.tsx(238,13): error TS2339: Property 'div' does not exist on type 'JSX.IntrinsicElements'.
src/pages/demo/DemoLoginPage.tsx(243,13): error TS2339: Property 'div' does not exist on type 'JSX.IntrinsicElements'.
src/pages/demo/DemoLoginPage.tsx(244,13): error TS2339: Property 'div' does not exist on type 'JSX.IntrinsicElements'.
src/pages/demo/DemoLoginPage.tsx(245,15): error TS2339: Property 'p' does not exist on type 'JSX.IntrinsicElements'.
src/pages/demo/DemoLoginPage.tsx(248,15): error TS2339: Property 'p' does not exist on type 'JSX.IntrinsicElements'.
src/pages/demo/DemoLoginPage.tsx(249,13): error TS2339: Property 'div' does not exist on type 'JSX.IntrinsicElements'.
src/pages/demo/DemoLoginPage.tsx(251,9): error TS2339: Property 'section' does not exist on type 'JSX.IntrinsicElements'.
src/pages/demo/DemoLoginPage.tsx(252,7): error TS2339: Property 'main' does not exist on type 'JSX.IntrinsicElements'.
src/pages/demo/DemoLoginPage.tsx(255,7): error TS2339: Property 'footer' does not exist on type 'JSX.IntrinsicElements'.
src/pages/demo/DemoLoginPage.tsx(256,10): error TS2339: Property 'div' does not exist on type 'JSX.IntrinsicElements'.
src/pages/demo/DemoLoginPage.tsx(259,10): error TS2339: Property 'div' does not exist on type 'JSX.IntrinsicElements'.
src/pages/demo/DemoLoginPage.tsx(260,10): error TS2339: Property 'p' does not exist on type 'JSX.IntrinsicElements'.
src/pages/demo/DemoLoginPage.tsx(262,10): error TS2339: Property 'p' does not exist on type 'JSX.IntrinsicElements'.
src/pages/demo/DemoLoginPage.tsx(263,7): error TS2339: Property 'footer' does not exist on type 'JSX.IntrinsicElements'.
src/pages/demo/DemoLoginPage.tsx(268,11): error TS2339: Property 'div' does not exist on type 'JSX.IntrinsicElements'.
src/pages/demo/DemoLoginPage.tsx(282,15): error TS2339: Property 'div' does not exist on type 'JSX.IntrinsicElements'.
src/pages/demo/DemoLoginPage.tsx(284,15): error TS2339: Property 'div' does not exist on type 'JSX.IntrinsicElements'.
src/pages/demo/DemoLoginPage.tsx(285,15): error TS2339: Property 'h3' does not exist on type 'JSX.IntrinsicElements'.
src/pages/demo/DemoLoginPage.tsx(285,135): error TS2339: Property 'h3' does not exist on type 'JSX.IntrinsicElements'.
src/pages/demo/DemoLoginPage.tsx(286,15): error TS2339: Property 'p' does not exist on type 'JSX.IntrinsicElements'.
src/pages/demo/DemoLoginPage.tsx(287,74): error TS2339: Property 'br' does not exist on type 'JSX.IntrinsicElements'.
src/pages/demo/DemoLoginPage.tsx(288,25): error TS2339: Property 'span' does not exist on type 'JSX.IntrinsicElements'.
src/pages/demo/DemoLoginPage.tsx(288,80): error TS2339: Property 'span' does not exist on type 'JSX.IntrinsicElements'.
src/pages/demo/DemoLoginPage.tsx(289,15): error TS2339: Property 'p' does not exist on type 'JSX.IntrinsicElements'.
src/pages/demo/DemoLoginPage.tsx(291,15): error TS2339: Property 'form' does not exist on type 'JSX.IntrinsicElements'.
src/pages/demo/DemoLoginPage.tsx(292,17): error TS2339: Property 'div' does not exist on type 'JSX.IntrinsicElements'.
src/pages/demo/DemoLoginPage.tsx(293,20): error TS2339: Property 'label' does not exist on type 'JSX.IntrinsicElements'.
src/pages/demo/DemoLoginPage.tsx(293,162): error TS2339: Property 'label' does not exist on type 'JSX.IntrinsicElements'.
src/pages/demo/DemoLoginPage.tsx(294,20): error TS2339: Property 'div' does not exist on type 'JSX.IntrinsicElements'.
src/pages/demo/DemoLoginPage.tsx(296,23): error TS2339: Property 'input' does not exist on type 'JSX.IntrinsicElements'.
src/pages/demo/DemoLoginPage.tsx(304,20): error TS2339: Property 'div' does not exist on type 'JSX.IntrinsicElements'.
src/pages/demo/DemoLoginPage.tsx(305,17): error TS2339: Property 'div' does not exist on type 'JSX.IntrinsicElements'.
src/pages/demo/DemoLoginPage.tsx(309,17): error TS2339: Property 'div' does not exist on type 'JSX.IntrinsicElements'.
src/pages/demo/DemoLoginPage.tsx(312,17): error TS2339: Property 'div' does not exist on type 'JSX.IntrinsicElements'.
src/pages/demo/DemoLoginPage.tsx(313,15): error TS2339: Property 'form' does not exist on type 'JSX.IntrinsicElements'.
src/pages/demo/DemoLoginPage.tsx(315,11): error TS2339: Property 'div' does not exist on type 'JSX.IntrinsicElements'.
src/pages/demo/DemoLoginPage.tsx(318,5): error TS2339: Property 'div' does not exist on type 'JSX.IntrinsicElements'.
